Calling malloc succeeded.
Successfully used the space.
We survived the free call.
