Allocating a region of size 500...ok.
Allocating a region of size 1000...ok.
Allocating a region of size 1500...ok.
Allocating a region of size 2000...ok.
Allocating a region of size 2500...ok.
Allocating a region of size 3000...ok.
Allocating a region of size 3500...ok.
Allocating a region of size 4000...ok.
Allocating a region of size 4500...ok.
Allocating a region of size 5000...ok.
Allocating a region of size 5500...ok.
Allocating a region of size 6000...ok.
Allocating a region of size 6500...ok.
Allocating a region of size 7000...ok.
Allocating a region of size 7500...ok.
Allocating a region of size 8000...ok.
Allocating a region of size 8500...ok.
Allocating a region of size 9000...ok.
Allocating a region of size 9500...ok.
Allocating a region of size 10000...ok.
Allocating a region of size 10500...ok.
Allocating a region of size 11000...ok.
Allocating a region of size 11500...ok.
Allocating a region of size 12000...ok.
Allocating a region of size 12500...ok.
Allocating a region of size 13000...ok.
Allocating a region of size 13500...ok.
Allocating a region of size 14000...ok.
Allocating a region of size 14500...ok.
Allocating a region of size 15000...ok.
Allocating a region of size 15500...ok.
Allocating a region of size 16000...ok.
Allocating a region of size 16500...ok.
Allocating a region of size 17000...ok.
Allocating a region of size 17500...ok.
Allocating a region of size 18000...ok.
Allocating a region of size 18500...ok.
Allocating a region of size 19000...ok.
Allocating a region of size 19500...ok.
Allocating a region of size 20000...ok.
Allocating a region of size 20500...ok.
Allocating a region of size 21000...ok.
Allocating a region of size 21500...ok.
Allocating a region of size 22000...ok.
Allocating a region of size 22500...ok.
Allocating a region of size 23000...ok.
Allocating a region of size 23500...ok.
Allocating a region of size 24000...ok.
Allocating a region of size 24500...ok.
Allocating a region of size 25000...ok.
Free ok. Checking remaining regions...(ok.ok.ok.ok.ok.ok.ok.ok.ok.ok.ok.ok.ok.ok.ok.ok.ok.ok.ok.ok.ok.ok.ok.ok.ok.ok.ok.ok.ok.ok.ok.ok.ok.ok.ok.ok.ok.ok.ok.ok.ok.ok.ok.ok.ok.ok.ok.ok.ok.)
Free ok. Checking remaining regions...(ok.ok.ok.ok.ok.ok.ok.ok.ok.ok.ok.ok.ok.ok.ok.ok.ok.ok.ok.ok.ok.ok.ok.ok.ok.ok.ok.ok.ok.ok.ok.ok.ok.ok.ok.ok.ok.ok.ok.ok.ok.ok.ok.ok.ok.ok.ok.ok.)
Free ok. Checking remaining regions...(ok.ok.ok.ok.ok.ok.ok.ok.ok.ok.ok.ok.ok.ok.ok.ok.ok.ok.ok.ok.ok.ok.ok.ok.ok.ok.ok.ok.ok.ok.ok.ok.ok.ok.ok.ok.ok.ok.ok.ok.ok.ok.ok.ok.ok.ok.ok.)
Free ok. Checking remaining regions...(ok.ok.ok.ok.ok.ok.ok.ok.ok.ok.ok.ok.ok.ok.ok.ok.ok.ok.ok.ok.ok.ok.ok.ok.ok.ok.ok.ok.ok.ok.ok.ok.ok.ok.ok.ok.ok.ok.ok.ok.ok.ok.ok.ok.ok.ok.)
Free ok. Checking remaining regions...(ok.ok.ok.ok.ok.ok.ok.ok.ok.ok.ok.ok.ok.ok.ok.ok.ok.ok.ok.ok.ok.ok.ok.ok.ok.ok.ok.ok.ok.ok.ok.ok.ok.ok.ok.ok.ok.ok.ok.ok.ok.ok.ok.ok.ok.)
Free ok. Checking remaining regions...(ok.ok.ok.ok.ok.ok.ok.ok.ok.ok.ok.ok.ok.ok.ok.ok.ok.ok.ok.ok.ok.ok.ok.ok.ok.ok.ok.ok.ok.ok.ok.ok.ok.ok.ok.ok.ok.ok.ok.ok.ok.ok.ok.ok.)
Free ok. Checking remaining regions...(ok.ok.ok.ok.ok.ok.ok.ok.ok.ok.ok.ok.ok.ok.ok.ok.ok.ok.ok.ok.ok.ok.ok.ok.ok.ok.ok.ok.ok.ok.ok.ok.ok.ok.ok.ok.ok.ok.ok.ok.ok.ok.ok.)
Free ok. Checking remaining regions...(ok.ok.ok.ok.ok.ok.ok.ok.ok.ok.ok.ok.ok.ok.ok.ok.ok.ok.ok.ok.ok.ok.ok.ok.ok.ok.ok.ok.ok.ok.ok.ok.ok.ok.ok.ok.ok.ok.ok.ok.ok.ok.)
Free ok. Checking remaining regions...(ok.ok.ok.ok.ok.ok.ok.ok.ok.ok.ok.ok.ok.ok.ok.ok.ok.ok.ok.ok.ok.ok.ok.ok.ok.ok.ok.ok.ok.ok.ok.ok.ok.ok.ok.ok.ok.ok.ok.ok.ok.)
Free ok. Checking remaining regions...(ok.ok.ok.ok.ok.ok.ok.ok.ok.ok.ok.ok.ok.ok.ok.ok.ok.ok.ok.ok.ok.ok.ok.ok.ok.ok.ok.ok.ok.ok.ok.ok.ok.ok.ok.ok.ok.ok.ok.ok.)
Free ok. Checking remaining regions...(ok.ok.ok.ok.ok.ok.ok.ok.ok.ok.ok.ok.ok.ok.ok.ok.ok.ok.ok.ok.ok.ok.ok.ok.ok.ok.ok.ok.ok.ok.ok.ok.ok.ok.ok.ok.ok.ok.ok.)
Free ok. Checking remaining regions...(ok.ok.ok.ok.ok.ok.ok.ok.ok.ok.ok.ok.ok.ok.ok.ok.ok.ok.ok.ok.ok.ok.ok.ok.ok.ok.ok.ok.ok.ok.ok.ok.ok.ok.ok.ok.ok.ok.)
Free ok. Checking remaining regions...(ok.ok.ok.ok.ok.ok.ok.ok.ok.ok.ok.ok.ok.ok.ok.ok.ok.ok.ok.ok.ok.ok.ok.ok.ok.ok.ok.ok.ok.ok.ok.ok.ok.ok.ok.ok.ok.)
Free ok. Checking remaining regions...(ok.ok.ok.ok.ok.ok.ok.ok.ok.ok.ok.ok.ok.ok.ok.ok.ok.ok.ok.ok.ok.ok.ok.ok.ok.ok.ok.ok.ok.ok.ok.ok.ok.ok.ok.ok.)
Free ok. Checking remaining regions...(ok.ok.ok.ok.ok.ok.ok.ok.ok.ok.ok.ok.ok.ok.ok.ok.ok.ok.ok.ok.ok.ok.ok.ok.ok.ok.ok.ok.ok.ok.ok.ok.ok.ok.ok.)
Free ok. Checking remaining regions...(ok.ok.ok.ok.ok.ok.ok.ok.ok.ok.ok.ok.ok.ok.ok.ok.ok.ok.ok.ok.ok.ok.ok.ok.ok.ok.ok.ok.ok.ok.ok.ok.ok.ok.)
Free ok. Checking remaining regions...(ok.ok.ok.ok.ok.ok.ok.ok.ok.ok.ok.ok.ok.ok.ok.ok.ok.ok.ok.ok.ok.ok.ok.ok.ok.ok.ok.ok.ok.ok.ok.ok.ok.)
Free ok. Checking remaining regions...(ok.ok.ok.ok.ok.ok.ok.ok.ok.ok.ok.ok.ok.ok.ok.ok.ok.ok.ok.ok.ok.ok.ok.ok.ok.ok.ok.ok.ok.ok.ok.ok.)
Free ok. Checking remaining regions...(ok.ok.ok.ok.ok.ok.ok.ok.ok.ok.ok.ok.ok.ok.ok.ok.ok.ok.ok.ok.ok.ok.ok.ok.ok.ok.ok.ok.ok.ok.ok.)
Free ok. Checking remaining regions...(ok.ok.ok.ok.ok.ok.ok.ok.ok.ok.ok.ok.ok.ok.ok.ok.ok.ok.ok.ok.ok.ok.ok.ok.ok.ok.ok.ok.ok.ok.)
Free ok. Checking remaining regions...(ok.ok.ok.ok.ok.ok.ok.ok.ok.ok.ok.ok.ok.ok.ok.ok.ok.ok.ok.ok.ok.ok.ok.ok.ok.ok.ok.ok.ok.)
Free ok. Checking remaining regions...(ok.ok.ok.ok.ok.ok.ok.ok.ok.ok.ok.ok.ok.ok.ok.ok.ok.ok.ok.ok.ok.ok.ok.ok.ok.ok.ok.ok.)
Free ok. Checking remaining regions...(ok.ok.ok.ok.ok.ok.ok.ok.ok.ok.ok.ok.ok.ok.ok.ok.ok.ok.ok.ok.ok.ok.ok.ok.ok.ok.ok.)
Free ok. Checking remaining regions...(ok.ok.ok.ok.ok.ok.ok.ok.ok.ok.ok.ok.ok.ok.ok.ok.ok.ok.ok.ok.ok.ok.ok.ok.ok.ok.)
Free ok. Checking remaining regions...(ok.ok.ok.ok.ok.ok.ok.ok.ok.ok.ok.ok.ok.ok.ok.ok.ok.ok.ok.ok.ok.ok.ok.ok.ok.)
Free ok. Checking remaining regions...(ok.ok.ok.ok.ok.ok.ok.ok.ok.ok.ok.ok.ok.ok.ok.ok.ok.ok.ok.ok.ok.ok.ok.ok.)
Free ok. Checking remaining regions...(ok.ok.ok.ok.ok.ok.ok.ok.ok.ok.ok.ok.ok.ok.ok.ok.ok.ok.ok.ok.ok.ok.ok.)
Free ok. Checking remaining regions...(ok.ok.ok.ok.ok.ok.ok.ok.ok.ok.ok.ok.ok.ok.ok.ok.ok.ok.ok.ok.ok.ok.)
Free ok. Checking remaining regions...(ok.ok.ok.ok.ok.ok.ok.ok.ok.ok.ok.ok.ok.ok.ok.ok.ok.ok.ok.ok.ok.)
Free ok. Checking remaining regions...(ok.ok.ok.ok.ok.ok.ok.ok.ok.ok.ok.ok.ok.ok.ok.ok.ok.ok.ok.ok.)
Free ok. Checking remaining regions...(ok.ok.ok.ok.ok.ok.ok.ok.ok.ok.ok.ok.ok.ok.ok.ok.ok.ok.ok.)
Free ok. Checking remaining regions...(ok.ok.ok.ok.ok.ok.ok.ok.ok.ok.ok.ok.ok.ok.ok.ok.ok.ok.)
Free ok. Checking remaining regions...(ok.ok.ok.ok.ok.ok.ok.ok.ok.ok.ok.ok.ok.ok.ok.ok.ok.)
Free ok. Checking remaining regions...(ok.ok.ok.ok.ok.ok.ok.ok.ok.ok.ok.ok.ok.ok.ok.ok.)
Free ok. Checking remaining regions...(ok.ok.ok.ok.ok.ok.ok.ok.ok.ok.ok.ok.ok.ok.ok.)
Free ok. Checking remaining regions...(ok.ok.ok.ok.ok.ok.ok.ok.ok.ok.ok.ok.ok.ok.)
Free ok. Checking remaining regions...(ok.ok.ok.ok.ok.ok.ok.ok.ok.ok.ok.ok.ok.)
Free ok. Checking remaining regions...(ok.ok.ok.ok.ok.ok.ok.ok.ok.ok.ok.ok.)
Free ok. Checking remaining regions...(ok.ok.ok.ok.ok.ok.ok.ok.ok.ok.ok.)
Free ok. Checking remaining regions...(ok.ok.ok.ok.ok.ok.ok.ok.ok.ok.)
Free ok. Checking remaining regions...(ok.ok.ok.ok.ok.ok.ok.ok.ok.)
Free ok. Checking remaining regions...(ok.ok.ok.ok.ok.ok.ok.ok.)
Free ok. Checking remaining regions...(ok.ok.ok.ok.ok.ok.ok.)
Free ok. Checking remaining regions...(ok.ok.ok.ok.ok.ok.)
Free ok. Checking remaining regions...(ok.ok.ok.ok.ok.)
Free ok. Checking remaining regions...(ok.ok.ok.ok.)
Free ok. Checking remaining regions...(ok.ok.ok.)
Free ok. Checking remaining regions...(ok.ok.)
Free ok. Checking remaining regions...(ok.)
Free ok. Checking remaining regions...()
