Calling calloc succeeded.
Successfully used the space.
