Required functions:
  malloc()...found.
  calloc()...found.
 realloc()...found.
    free()...found.
