Space after LZWCmpStop for test1.in: 72191
Space after LZWCmpStop for test3.in: 72191
Final space: 0
